---
source: crates/veloce-render/tests/snapshots.rs
assertion_line: 78
expression: "normalize(&render_to_string(&el, 60, 10))"
---
╭──────────────────────────────────────────────────────────╮
│                                                          │
│ Service: auth                                 Status: Ok │
│                                                          │
│                                                          │
╰──────────────────────────────────────────────────────────╯
log line 1
log line 2
